=== 自证测试 (自动发现 tests/verify_*.gd) ===
  PASS  verify_account
  PASS  verify_accum_lane_scope
  PASS  verify_arcane_crystal_mr
  PASS  verify_arena_density
  PASS  verify_arena_layers_drawn
  PASS  verify_arena_theme_pick
  PASS  verify_arena_themes
  PASS  verify_arena_variety
  PASS  verify_armor_compensation
  PASS  verify_aspd_panel_live
  PASS  verify_attack_commit
  PASS  verify_autopilot
  PASS  verify_autopilot_finals
  PASS  verify_axe
  PASS  verify_axe_anim_runtime
  PASS  verify_axe_batch10
  PASS  verify_axe_ember_laser
  PASS  verify_axe_evolution
  PASS  verify_axe_finals
  PASS  verify_axe_orphan
  PASS  verify_axe_owner_progress
  PASS  verify_axe_passives
  PASS  verify_axe_shop_codex
  PASS  verify_axe_undead_holo_vfx
  PASS  verify_axe_vfx
  PASS  verify_axe_vs_original
  PASS  verify_b4_lane_leak
  PASS  verify_b4_persist_across_lane
  PASS  verify_b4_wiring
  PASS  verify_backend_not_silent
  PASS  verify_backfill
  PASS  verify_barnacle_line
  PASS  verify_batch10_misc
  PASS  verify_baton
  PASS  verify_battle_determinism
  PASS  verify_battle_hud_r1
  PASS  verify_battle_rng_seed
  PASS  verify_battle_seed
  PASS  verify_battle_ui
  PASS  verify_bolt_line
  PASS  verify_bot_archetypes
  PASS  verify_bot_buy_synergy
  PASS  verify_bot_card_honest
  PASS  verify_bot_snapshot_shape
  PASS  verify_bow_synergy
  PASS  verify_bracket
  PASS  verify_bracket_layout
  PASS  verify_bracket_map
  PASS  verify_bracket_not_seated
  PASS  verify_bracket_spectate
  PASS  verify_brew_glow_sheet_swap
  PASS  verify_brief_dedup
  PASS  verify_cake_box_form
  PASS  verify_cake_orbit_cleanup
  PASS  verify_cam_extent
  PASS  verify_cam_pan
  PASS  verify_candle_signal_bamboo
  PASS  verify_candy_jar
  PASS  verify_chain_lightning
  PASS  verify_champion_cup
  PASS  verify_chest_treasures
  PASS  verify_cjk_wrap_export
  PASS  verify_click_targets_alive
  PASS  verify_close_lockout
  PASS  verify_code_const_token
  PASS  verify_codex
  PASS  verify_codex_battle_parity
  PASS  verify_codex_beta_layout
  PASS  verify_codex_browse
  PASS  verify_codex_desc
  PASS  verify_codex_equip_star
  PASS  verify_codex_layout
  PASS  verify_codex_skill_preview
  PASS  verify_codex_stat_blocks
  PASS  verify_codex_stats
  PASS  verify_codex_text
  PASS  verify_combat_math
  PASS  verify_combat_sanity
  PASS  verify_conch_worm_033
  PASS  verify_copy_no_lock
  PASS  verify_copy_perform
  PASS  verify_copy_rules
  PASS  verify_cream_shell_all
  PASS  verify_cross_slash_seq
  PASS  verify_crystal_death_sync
  PASS  verify_crystal_line_030
  PASS  verify_crystal_sweep_031
  PASS  verify_cursor_pause
  PASS  verify_cyber_charge
  PASS  verify_cyber_drone_passive
  PASS  verify_cyber_hijack
  PASS  verify_damage_math
  PASS  verify_dart_chain_056
  PASS  verify_dead_params
  PASS  verify_debug_arena
  PASS  verify_debug_equip_pick
  PASS  verify_debug_no_season
  PASS  verify_decor_grounded
  PASS  verify_desc_icons
  FAIL  verify_determinism_b  (rc=1, 致命报错=0)
          [FAIL] ★⑯ 赛博阵亡齐射: 战斗种子相同、全局 RNG 不同 ⇒ 每个敌人挨的伤害逐个相同   A 12,0,12,18,74,0,0,24 / B 12,0,18,12,74,0,0,24
        ↳ 完整日志已留在 .gate-fail-verify_determinism_b.log
  PASS  verify_determinism_cross
  PASS  verify_dice_dash
  PASS  verify_dmg_paths_agree
  PASS  verify_dmg_type_sentinel
  PASS  verify_dodge_cap
  PASS  verify_doll_bear_034
  PASS  verify_dome_second_wipe
  PASS  verify_dot_float
  PASS  verify_dot_mitigation
  PASS  verify_dot_stacks
  PASS  verify_dragon_breath
  PASS  verify_drain_stream
  PASS  verify_dual_egg_decider
  PASS  verify_edge_wall
  PASS  verify_elim_no_coin
  PASS  verify_elite_anim
  PASS  verify_elite_haste
  PASS  verify_email_bind
  PASS  verify_eq002_chili
  PASS  verify_eq023_026_basic
  PASS  verify_eq055_063
  PASS  verify_eq058_036_045
  PASS  verify_eq_arcane_batch
  PASS  verify_eq_blade_batch
  PASS  verify_eq_blood_combo
  PASS  verify_eq_body_sprites
  PASS  verify_eq_bow_batch
  PASS  verify_eq_food_batch
  PASS  verify_eq_gadget_batch
  PASS  verify_eq_gun_batch
  PASS  verify_eq_hp_grants
  PASS  verify_eq_laser_blade
  PASS  verify_eq_maxhp_pct_basis
  PASS  verify_eq_potion_batch
  PASS  verify_eq_readouts
  PASS  verify_eq_relic_batch
  PASS  verify_eq_spirit_batch
  PASS  verify_eq_stats_panel
  PASS  verify_eq_venom_drone
  PASS  verify_eq_vfx_visibility
  PASS  verify_eq_wide_blade
  PASS  verify_eq_zero_gate
  PASS  verify_equip_040_045
  PASS  verify_equip_046_051
  PASS  verify_equip_052_061
  PASS  verify_equip_balance_20260730d
  PASS  verify_equip_batch3
  PASS  verify_equip_batch_20260730d
  PASS  verify_equip_batch_20260801
  PASS  verify_equip_cap
  PASS  verify_equip_full_hint
  PASS  verify_equip_nerf
  PASS  verify_equip_new_stats
  PASS  verify_equip_onhit_batch2
  PASS  verify_equip_pool
  PASS  verify_equip_slot_tap
  PASS  verify_equip_star_highlight
  PASS  verify_equip_stats_source
  PASS  verify_equip_tally
  PASS  verify_equip_text_bb
  PASS  verify_equip_types
  PASS  verify_equip_vfx_clock
  PASS  verify_exact_match
  PASS  verify_execution_vfx
  PASS  verify_execution_vfx_all
  PASS  verify_expr_consts
  PASS  verify_extra_true_ledger
  PASS  verify_far_terrain
  PASS  verify_finals_feed
  PASS  verify_finals_phase_on_open
  PASS  verify_finals_premiere
  PASS  verify_finals_settle
  PASS  verify_fire_coral_wave
  PASS  verify_fire_equips_exact
  PASS  verify_fish_dir
  PASS  verify_float_style_uses_palette
  PASS  verify_fonts
  PASS  verify_fortress_harden
  PASS  verify_fortune_goldshield
  PASS  verify_gate_isolation
  PASS  verify_gauntlet
  PASS  verify_gauntlet_ahead
  PASS  verify_gauntlet_match
  PASS  verify_gear_egg_035_036
  PASS  verify_ghost_chest
  PASS  verify_ghost_loadouts
  PASS  verify_ghost_seed
  PASS  verify_ghost_upload
  PASS  verify_ghost_upload_retry
  PASS  verify_glossary
  PASS  verify_gold_shield
  PASS  verify_gremlin_gun
  PASS  verify_ground_palette
  PASS  verify_gun_synergy
  PASS  verify_head_badges
  PASS  verify_headless_rage
  PASS  verify_heal_burst
  PASS  verify_heal_hot_readout
  PASS  verify_heli_approach
  PASS  verify_hiding_pool
  PASS  verify_hitstop_freezes_global
  PASS  verify_holy_shield_grant
  PASS  verify_holy_shield_vfx
  PASS  verify_hook
  PASS  verify_hourglass_values
  PASS  verify_hp_lines
  PASS  verify_hp_ticks
  PASS  verify_hud_gamefeel
  PASS  verify_ice_fissure
  PASS  verify_ice_flask_dmg
  PASS  verify_ice_vial
  PASS  verify_incense_stone
  PASS  verify_incense_stone_real
  PASS  verify_incense_vfx
  PASS  verify_info_panel
  PASS  verify_info_panel_fits
  PASS  verify_info_panel_live
  PASS  verify_info_panel_stats
  PASS  verify_interaction_matrix
  PASS  verify_interactive_determinism
  PASS  verify_inventory_layout
  PASS  verify_inventory_stats
  PASS  verify_inventory_text_fit
  PASS  verify_ios_ui
  PASS  verify_island_ambient
  PASS  verify_island_boundary
  PASS  verify_keyword_false_positive
  PASS  verify_knock_paths_agree
  PASS  verify_lane_clear_wired
  PASS  verify_lane_coroutine_epoch
  PASS  verify_lava_forms
  PASS  verify_leaderboard_header
  PASS  verify_leaderboard_person
  PASS  verify_leaderboard_sort
  PASS  verify_lethal_hook_heal
  PASS  verify_lightning_buff
  PASS  verify_line_band_vfx
  PASS  verify_live_spectate
  PASS  verify_login_wall
  PASS  verify_mainmenu_layout
  PASS  verify_mana_beam_steer
  PASS  verify_map_field
  PASS  verify_map_geometry
  PASS  verify_match_seed
  PASS  verify_matchmaking_phase
  PASS  verify_menu
  PASS  verify_menu_finals_title
  PASS  verify_menu_toast
  PASS  verify_midground
  PASS  verify_min_client_version
  PASS  verify_minion_abort_fall
  PASS  verify_minion_idle_align
  PASS  verify_minion_is_full_turtle
  PASS  verify_minion_skill_icon
  PASS  verify_minion_text_single_source
  PASS  verify_minion_unstoppable
  PASS  verify_misc_guards
  PASS  verify_ms_tier_vfx
  PASS  verify_mvp_trainer_avatar
  PASS  verify_nav_paths
  PASS  verify_nerf_pistol_anchor
  PASS  verify_nickname
  PASS  verify_nine_stretch
  PASS  verify_ninja_backstab
  PASS  verify_ninja_bomb
  PASS  verify_ninja_shuriken
  PASS  verify_no_emoji_icons
  PASS  verify_notoken_finals
  PASS  verify_onboarding
  PASS  verify_opponent_pull
  PASS  verify_orientation_lock
  PASS  verify_palette
  PASS  verify_panel_stats_onscreen
  PASS  verify_pct_array_render
  PASS  verify_pct_glyph
  PASS  verify_phoenix_flame_onhit
  PASS  verify_pirate_hook
  PASS  verify_pk_bar_continuity
  PASS  verify_player_tag
  PASS  verify_pool_truth
  PASS  verify_quiet_mute
  PASS  verify_quota_clock
  PASS  verify_ranked_close
  PASS  verify_readouts_d7
  PASS  verify_record_reltime
  PASS  verify_remote_pool
  PASS  verify_render_families
  PASS  verify_render_writeback
  PASS  verify_replay_controls
  PASS  verify_replay_roundtrip
  PASS  verify_replay_upload_retry
  PASS  verify_replay_watch
  PASS  verify_replay_window
  PASS  verify_result_reachable
  PASS  verify_rum_glow
  PASS  verify_rum_numbers
  PASS  verify_salvo_trainer
  PASS  verify_save_guard
  PASS  verify_save_sync
  PASS  verify_scene_calibration
  PASS  verify_scored_match_keys
  PASS  verify_season_elim
  PASS  verify_season_flow
  PASS  verify_seaweed_magic_shield
  PASS  verify_seed_battles_gear
  PASS  verify_self_match
  PASS  verify_server_clock
  PASS  verify_service_status
  PASS  verify_session_refresh
  PASS  verify_settings
  PASS  verify_settle_density
  PASS  verify_settle_pages
  PASS  verify_settle_quota
  PASS  verify_shield_absorb
  PASS  verify_shield_duration
  PASS  verify_shield_shell_vfx
  PASS  verify_shield_synergy
  PASS  verify_shockwave_vfx
  PASS  verify_shop_card_tiers
  PASS  verify_shop_layout
  PASS  verify_shop_lock
  PASS  verify_shop_merge_pips
  PASS  verify_shop_persist
  PASS  verify_signal_amplifier
  PASS  verify_sim_step_rate
  PASS  verify_skeleton_032
  PASS  verify_skill_energy
  PASS  verify_skill_forms
  PASS  verify_skill_pick
  PASS  verify_skill_ring_curve
  PASS  verify_skill_text_color
  PASS  verify_skill_text_leak
  PASS  verify_skills_not_dead
  PASS  verify_special_balance
  PASS  verify_spirit_dmg_color
  PASS  verify_spirit_slap_range
  PASS  verify_sprite_sheets
  PASS  verify_staff_active_isolated
  PASS  verify_staff_actives_fire
  PASS  verify_staff_synergy
  PASS  verify_star_space
  PASS  verify_stat_icon_color
  PASS  verify_status_chip_labels
  PASS  verify_steal_gate
  PASS  verify_stone_reflect_stat
  PASS  verify_sudden_death
  PASS  verify_summon_art
  PASS  verify_summon_label
  PASS  verify_sword_084
  PASS  verify_sword_storm_chain
  PASS  verify_swordsman
  PASS  verify_synergy_display
  PASS  verify_synergy_live
  PASS  verify_synergy_magnitude
  PASS  verify_synergy_popup
  PASS  verify_synergy_rest5
  PASS  verify_synergy_text
  PASS  verify_synergy_vfx
  PASS  verify_synergy_vfx_types
  PASS  verify_talisman_089
  PASS  verify_tame_defection
  PASS  verify_target_paths_agree
  PASS  verify_tentacle_continuity
  PASS  verify_tentacle_hit_timing
  PASS  verify_tentacle_relocate
  PASS  verify_tentacle_rhythm
  PASS  verify_tentacle_soft
  PASS  verify_tentacle_vfx
  PASS  verify_text_bbcode_hosts
  PASS  verify_text_render
  PASS  verify_theme_decor_census
  PASS  verify_thorn_cut
  PASS  verify_thorn_reflect
  PASS  verify_thunder_shell
  PASS  verify_tick_equips_exact
  PASS  verify_tile_texture
  PASS  verify_time_travel
  PASS  verify_timestop_carrier_coroutine
  PASS  verify_timestop_freeze
  PASS  verify_timestop_global_freeze
  PASS  verify_timestop_lanes
  PASS  verify_timestop_since_stamps
  PASS  verify_timezone_pin
  PASS  verify_titles
  PASS  verify_top_bar
  PASS  verify_topbar_states
  PASS  verify_touch_scroll
  PASS  verify_trainer
  PASS  verify_trainer_audit
  PASS  verify_trainer_config
  PASS  verify_trainer_desc
  PASS  verify_trainer_hunt_tame
  PASS  verify_trainer_magicstone
  PASS  verify_trainer_move
  PASS  verify_trainer_place
  PASS  verify_trainer_skill_count
  PASS  verify_trainer_skills
  PASS  verify_trainer_target
  PASS  verify_travel_no_write
  PASS  verify_true_dmg_shield
  PASS  verify_true_dmg_white
  PASS  verify_true_fire
  PASS  verify_turtle_balance_r4
  PASS  verify_turtle_balance_r5
  PASS  verify_turtle_balance_r6
  PASS  verify_turtle_roles
  PASS  verify_tutorial
  PASS  verify_tutorial_anchors
  PASS  verify_tutorial_choice
  PASS  verify_tutorial_director
  PASS  verify_tutorial_flow_v2
  PASS  verify_tutorial_guide_timing
  PASS  verify_tutorial_highlight
  PASS  verify_tutorial_skip
  PASS  verify_tutorial_steps_v2
  PASS  verify_tween_capture_lane
  PASS  verify_two_head_enhanced
  PASS  verify_two_head_form_art
  PASS  verify_two_head_fusion
  PASS  verify_two_head_strike
  PASS  verify_two_level_desc
  PASS  verify_ui_consistency
  PASS  verify_ui_layout
  PASS  verify_uncovered_equips
  PASS  verify_unit_scaling
  PASS  verify_untargetable
  PASS  verify_upload_auth
  PASS  verify_upload_flash
  PASS  verify_version
  PASS  verify_vfx_frames
  PASS  verify_vfx_readability
  PASS  verify_vfxlab_case_config
  PASS  verify_wait_sim_detached
  PASS  verify_water_palette
  PASS  verify_week_leaderboard
  PASS  verify_week_phase_write
  PASS  verify_week_pool_wipe
  PASS  verify_week_roll
  PASS  verify_week_season
  PASS  verify_week_strip
  PASS  verify_weekend_replay
  PASS  verify_weekend_watch
  PASS  verify_whistle_wave
  PASS  verify_wormhole_escape
  (发现 444 个测试, 并行度 16)
  ── 耗时 ──
  核秒总和 10670s ÷ 并行度 16 ≈ 666s 理论墙钟
  平均 24031ms/个 · 最慢 12 个:
    383460ms  verify_determinism_b
    337272ms  verify_render_writeback
    256483ms  verify_seed_battles_gear
    255026ms  verify_arena_theme_pick
    201189ms  verify_replay_roundtrip
    199349ms  verify_determinism_cross
    179579ms  verify_exact_match
    152832ms  verify_ui_consistency
    145279ms  verify_live_spectate
    142479ms  verify_replay_controls
    130139ms  verify_skills_not_dead
     93473ms  verify_dmg_type_sentinel
  ── 审计器耗时(并行跑) ──
  核秒总和 543s · 最慢 5 个:
    114627ms  text_claim_audit
    114321ms  zero_caller_audit
     35277ms  asset_orphan_audit
     31556ms  passive_number_audit
     27790ms  menu_arena_sync_audit
=== 全流程闪退冒烟 (SHIP=1 真实对局) ===
  PASS  smoke_scenes (9场景进出×4 + 战斗中途硬释放×3 + 60秒完整战斗)
=== 三方一致性对账 ===
  PASS  tri_audit (差异 0 处)
=== 只读数据审计 ===
  PASS  data_integrity (json交叉引用/资源路径/孤儿字段)
  PASS  copy_lol_style_lint (技能/装备文案体例: 无分号/破折号/口语词/普攻·括号密度≤LoL×1.5)
  PASS  pixel_art_audit (装备图标必须是真像素画·台账只减不增)
  PASS  tooltip_number_audit (装备文案数值 ↔ 代码)
  PASS  pet_number_audit (龟技能文案数值 ↔ 代码)
  PASS  brief_detail_audit (龟技能 brief ↔ detail 数值)
  PASS  passive_number_audit (龟被动文案数值 ↔ 代码)
  PASS  map_composition_audit (地图构图·战场无void/站位不在水/接战区不亮/与生成器一致)
  PASS  vfx_ref_match (084 三张特效 ↔ 用户参考图的形态指标 + 像素风)
  PASS  vfx_ingame_check (084 十字斩实拍: 斩击是主角/两者都画得出来)
  PASS  battle_scene_check (战场实拍 5 条: 中间调/色数/亮部饱和/亮坡比/中带噪声)
  PASS  workflow_lint (CI 工作流 YAML 语法)
  PASS  ci_deps_audit (门禁审计器的第三方依赖 ↔ CI 安装清单)
  PASS  arch_budget (架构预算·不许上帝对象·欠债只减不增)
  PASS  style_lint (代码风格·全tab/snake_case/PascalCase 焊死)
  PASS  rng_discipline (裸随机冻结·护确定性不回退)
  PASS  docs_authority_lint (单一事实源纪律·三权威在位/消费链活/README无漂移/无冒名)
  PASS  server_rule_sync (服务端规则↔客户端事实源·常量/白名单)
  PASS  server_logic_gate (云函数逻辑·V2往返/V3六类伪造/去重)
  PASS  copy_chain_audit (龟壳复制链路四方一致·可抄数棘轮)
  PASS  text_formula_audit (文案文字↔它自己的占位符公式)
  PASS  text_claim_audit (文案声称↔代码实际·触发周期/选靶/作用范围)
  PASS  plans_lint (方案书生命周期·状态/骨架/实施回填)
  PASS  plan_stale (方案书 ❌/⏳ 标记过期·做完了就得红)
  PASS  dead_preload (preload 了却没人用的常量)
  PASS  zero_caller (写了却没有任何人调的函数)
  PASS  write_orphan (有读者却没人写真值的字段·battle_seed 那个形状)
  PASS  const_branch (恒真常量分支 + return 吞掉同函数后续代码)
  PASS  coroutine_await (门禁里把协程当普通函数调 ⇒ 静默截断断言)
  PASS  asset_borrow (拿别件的素材顶替 · 铁律「新内容一律新素材」)
  PASS  asset_orphan (孤儿素材/无消费者json字段·只减不增)
  PASS  frame_study (逐帧研究的行数/帧号必须对得上声明的帧数)
  PASS  text_const_orphan_audit (文案指的常量有没有产品代码在读)
  PASS  const_leftover_audit (抽了常量却还有别处留着裸数字·跨文件判红)
  PASS  codex_text_lint (图鉴文案: 教学味/自夸/开发备注/别家黑话/数字贴字)
  PASS  keyword_false_positive (关键词上色不许误伤别的词/专名·如时停止)
  PASS  copy_style (文案体例: 口语词硬零/「X%生命值」必须写明是谁的/叠满台账只减不增)
  PASS  ui_tempo (UI 动效节拍·裸时长种类与处数只减不增)
  PASS  twin_const (同功能的逻辑侧↔演出侧同名常量取值打架)
  PASS  twin_radius (判定侧↔演出侧【不同名但同值】的范围常量·同一个数存两份)
  PASS  dup_primitive (共享几何原语被复制到多个文件·按body哈希·棘轮只减不增)
  PASS  glow_ball (无含义白球 _make_fire_glow_tex 存量台账·只减不增)
  PASS  nine_downgrade (九宫格静默降级/挑错皮·套了皮但没套上·台账只减不增)
  PASS  type_tables (装备类型四张平行表键集一致)
  PASS  number_coverage (玩家文案里没人验的数字·只降不升)
  PASS  text_golden (玩家文案快照对账·483 段)
  PASS  text_value_golden (占位符算出来的数·旧值不许消失)
  PASS  text_const_owner (文案引用的常量必须属于这个主体)
  PASS  text_prose_guard (文案的文字部分逐字未动)
  PASS  basestats (装备属性展示串 ↔ EquipStats.STATS·597 个数)
  PASS  await_guard (协程 await 回来先确认 battle 还活着)
  PASS  tree_timer (树级计时器不许接闭包·会活过场景释放)
  PASS  shield_duration (通用护盾=4秒·永久给盾点台账只减不增)
  PASS  vfx_discipline (像素贴图不许连续缩放 / 不许新增手写生成器 / 新素材要有逐帧研究)
  PASS  stat_icon (每个属性都有图标 / 色数 / 尺寸 / import)
  PASS  tween_freeze (战斗世界侧的演出 tween 必须走 _reg_tween·否则时停冻不住)
  PASS  tween_capture (演出 tween 的 lambda 捕获了可能被释放的节点·台账只减不增)
  PASS  battle_tween (战斗路径裸 create_tween 不经 _reg_tween·确定性棘轮只减不增·A/B 两套实现对账)
  PASS  menu_crowd_sync (登录墙群像背景 == 生成器现在的产物·加龟/换立绘忘了重跑就红)
  PASS  menu_arena_sync (主菜单擂台背景分层 == 生成器现在的产物·改站位/换原件忘了重烘就红·R8 两个钉死值)
  PASS  nine_bracket (9 档进度档已彻底删除·匹配只认同场次·同名的周日对阵图不许误伤)
  PASS  freed_is_order (先 is_instance_valid 再 is·对已释放对象 is 会报错并中断函数)
  PASS  gate_offline (门禁里每个起 Godot 跑场景的命令都必须关掉后端·不许打生产库)

FAIL x1  (PASS 508)
